mode: set
github.com/mithro/go-netgear-switch-library/fastpath/cert_scp.go:56.65,58.2 1 1
github.com/mithro/go-netgear-switch-library/fastpath/cert_scp.go:62.69,64.2 1 1
github.com/mithro/go-netgear-switch-library/fastpath/cert_scp.go:100.9,102.16 2 1
github.com/mithro/go-netgear-switch-library/fastpath/cert_scp.go:102.16,104.3 1 1
github.com/mithro/go-netgear-switch-library/fastpath/cert_scp.go:105.2,105.60 1 1
github.com/mithro/go-netgear-switch-library/fastpath/cert_scp.go:105.60,107.3 1 0
github.com/mithro/go-netgear-switch-library/fastpath/cert_scp.go:108.2,109.75 2 1
github.com/mithro/go-netgear-switch-library/fastpath/cert_scp.go:109.75,111.3 1 1
github.com/mithro/go-netgear-switch-library/fastpath/cert_scp.go:112.2,112.11 1 1
github.com/mithro/go-netgear-switch-library/fastpath/cert_scp.go:112.11,114.74 2 1
github.com/mithro/go-netgear-switch-library/fastpath/cert_scp.go:114.74,116.4 1 0
github.com/mithro/go-netgear-switch-library/fastpath/cert_scp.go:118.2,118.59 1 1
github.com/mithro/go-netgear-switch-library/fastpath/cert_scp.go:118.59,120.3 1 0
github.com/mithro/go-netgear-switch-library/fastpath/cert_scp.go:121.2,121.97 1 1
github.com/mithro/go-netgear-switch-library/fastpath/cert_scp.go:121.97,123.3 1 0
github.com/mithro/go-netgear-switch-library/fastpath/cert_scp.go:124.2,124.12 1 1
github.com/mithro/go-netgear-switch-library/fastpath/parse.go:86.39,87.16 1 1
github.com/mithro/go-netgear-switch-library/fastpath/parse.go:87.16,89.3 1 1
github.com/mithro/go-netgear-switch-library/fastpath/parse.go:90.2,90.60 1 1
github.com/mithro/go-netgear-switch-library/fastpath/parse.go:98.52,100.40 2 1
github.com/mithro/go-netgear-switch-library/fastpath/parse.go:100.40,102.15 2 1
github.com/mithro/go-netgear-switch-library/fastpath/parse.go:102.15,103.12 1 1
github.com/mithro/go-netgear-switch-library/fastpath/parse.go:105.3,105.57 1 1
github.com/mithro/go-netgear-switch-library/fastpath/parse.go:107.2,107.12 1 1
github.com/mithro/go-netgear-switch-library/fastpath/parse.go:129.43,132.21 3 1
github.com/mithro/go-netgear-switch-library/fastpath/parse.go:132.21,133.22 1 1
github.com/mithro/go-netgear-switch-library/fastpath/parse.go:133.22,135.33 2 1
github.com/mithro/go-netgear-switch-library/fastpath/parse.go:135.33,137.5 1 1
github.com/mithro/go-netgear-switch-library/fastpath/parse.go:138.4,138.34 1 1
github.com/mithro/go-netgear-switch-library/fastpath/parse.go:139.9,141.4 1 1
github.com/mithro/go-netgear-switch-library/fastpath/parse.go:143.2,144.33 2 1
github.com/mithro/go-netgear-switch-library/fastpath/parse.go:144.33,146.26 2 1
github.com/mithro/go-netgear-switch-library/fastpath/parse.go:146.26,148.4 1 1
github.com/mithro/go-netgear-switch-library/fastpath/parse.go:149.3,149.49 1 1
github.com/mithro/go-netgear-switch-library/fastpath/parse.go:151.2,151.14 1 1
github.com/mithro/go-netgear-switch-library/fastpath/parse.go:165.51,168.15 3 1
github.com/mithro/go-netgear-switch-library/fastpath/parse.go:168.15,170.3 1 1
github.com/mithro/go-netgear-switch-library/fastpath/parse.go:171.2,172.24 2 1
github.com/mithro/go-netgear-switch-library/fastpath/parse.go:172.24,174.3 1 1
github.com/mithro/go-netgear-switch-library/fastpath/parse.go:175.2,175.17 1 1
github.com/mithro/go-netgear-switch-library/fastpath/parse.go:175.17,177.3 1 0
github.com/mithro/go-netgear-switch-library/fastpath/parse.go:178.2,178.42 1 1
github.com/mithro/go-netgear-switch-library/fastpath/parse.go:183.55,185.29 2 1
github.com/mithro/go-netgear-switch-library/fastpath/parse.go:185.29,187.3 1 1
github.com/mithro/go-netgear-switch-library/fastpath/parse.go:188.2,188.14 1 1
github.com/mithro/go-netgear-switch-library/fastpath/parse.go:202.73,204.17 2 1
github.com/mithro/go-netgear-switch-library/fastpath/parse.go:204.17,205.64 1 1
github.com/mithro/go-netgear-switch-library/fastpath/parse.go:205.64,207.4 1 1
github.com/mithro/go-netgear-switch-library/fastpath/parse.go:209.2,209.59 1 1
github.com/mithro/go-netgear-switch-library/fastpath/parse.go:209.59,211.3 1 1
github.com/mithro/go-netgear-switch-library/fastpath/parse.go:212.2,212.30 1 1
github.com/mithro/go-netgear-switch-library/fastpath/parse.go:222.58,225.9 3 1
github.com/mithro/go-netgear-switch-library/fastpath/parse.go:225.9,227.3 1 1
github.com/mithro/go-netgear-switch-library/fastpath/parse.go:228.2,230.37 3 1
github.com/mithro/go-netgear-switch-library/fastpath/parse.go:230.37,231.65 1 1
github.com/mithro/go-netgear-switch-library/fastpath/parse.go:231.65,232.9 1 1
github.com/mithro/go-netgear-switch-library/fastpath/parse.go:234.3,234.45 1 1
github.com/mithro/go-netgear-switch-library/fastpath/parse.go:236.2,236.13 1 1
github.com/mithro/go-netgear-switch-library/fastpath/parse.go:248.56,251.9 3 1
github.com/mithro/go-netgear-switch-library/fastpath/parse.go:251.9,253.3 1 1
github.com/mithro/go-netgear-switch-library/fastpath/parse.go:254.2,258.96 3 1
github.com/mithro/go-netgear-switch-library/fastpath/parse.go:258.96,260.3 1 1
github.com/mithro/go-netgear-switch-library/fastpath/parse.go:261.2,263.29 3 1
github.com/mithro/go-netgear-switch-library/fastpath/parse.go:263.29,265.34 2 1
github.com/mithro/go-netgear-switch-library/fastpath/parse.go:265.34,266.41 1 1
github.com/mithro/go-netgear-switch-library/fastpath/parse.go:266.41,268.5 1 1
github.com/mithro/go-netgear-switch-library/fastpath/parse.go:270.3,270.75 1 1
github.com/mithro/go-netgear-switch-library/fastpath/parse.go:272.2,272.14 1 1
github.com/mithro/go-netgear-switch-library/fastpath/parse.go:278.40,280.16 2 1
github.com/mithro/go-netgear-switch-library/fastpath/parse.go:280.16,282.3 1 1
github.com/mithro/go-netgear-switch-library/fastpath/parse.go:283.2,283.16 1 1
github.com/mithro/go-netgear-switch-library/fastpath/parse.go:295.41,297.54 2 1
github.com/mithro/go-netgear-switch-library/fastpath/parse.go:297.54,300.3 2 1
github.com/mithro/go-netgear-switch-library/fastpath/parse.go:301.2,301.55 1 1
github.com/mithro/go-netgear-switch-library/fastpath/parse.go:301.55,304.3 2 1
github.com/mithro/go-netgear-switch-library/fastpath/parse.go:305.2,305.17 1 1
github.com/mithro/go-netgear-switch-library/fastpath/parse.go:353.47,355.14 2 1
github.com/mithro/go-netgear-switch-library/fastpath/parse.go:355.14,357.3 1 0
github.com/mithro/go-netgear-switch-library/fastpath/parse.go:358.2,359.16 2 1
github.com/mithro/go-netgear-switch-library/fastpath/parse.go:359.16,361.3 1 0
github.com/mithro/go-netgear-switch-library/fastpath/parse.go:362.2,362.34 1 1
github.com/mithro/go-netgear-switch-library/fastpath/parse.go:362.34,364.3 1 1
github.com/mithro/go-netgear-switch-library/fastpath/parse.go:365.2,365.20 1 1
github.com/mithro/go-netgear-switch-library/fastpath/parse.go:379.81,382.17 3 1
github.com/mithro/go-netgear-switch-library/fastpath/parse.go:382.17,384.3 1 0
github.com/mithro/go-netgear-switch-library/fastpath/parse.go:385.2,386.17 2 1
github.com/mithro/go-netgear-switch-library/fastpath/parse.go:386.17,388.3 1 1
github.com/mithro/go-netgear-switch-library/fastpath/parse.go:389.2,390.17 2 1
github.com/mithro/go-netgear-switch-library/fastpath/parse.go:390.17,392.3 1 1
github.com/mithro/go-netgear-switch-library/fastpath/parse.go:393.2,393.76 1 1
github.com/mithro/go-netgear-switch-library/fastpath/parse.go:404.54,406.48 2 1
github.com/mithro/go-netgear-switch-library/fastpath/parse.go:406.48,407.29 1 1
github.com/mithro/go-netgear-switch-library/fastpath/parse.go:407.29,408.12 1 0
github.com/mithro/go-netgear-switch-library/fastpath/parse.go:410.3,411.10 2 1
github.com/mithro/go-netgear-switch-library/fastpath/parse.go:411.10,412.12 1 1
github.com/mithro/go-netgear-switch-library/fastpath/parse.go:414.3,416.13 3 1
github.com/mithro/go-netgear-switch-library/fastpath/parse.go:416.13,417.53 1 1
github.com/mithro/go-netgear-switch-library/fastpath/parse.go:417.53,419.5 1 1
github.com/mithro/go-netgear-switch-library/fastpath/parse.go:421.3,429.5 2 1
github.com/mithro/go-netgear-switch-library/fastpath/parse.go:431.2,431.12 1 1
github.com/mithro/go-netgear-switch-library/fastpath/parse.go:460.49,462.48 2 1
github.com/mithro/go-netgear-switch-library/fastpath/parse.go:462.48,463.22 1 1
github.com/mithro/go-netgear-switch-library/fastpath/parse.go:463.22,464.12 1 0
github.com/mithro/go-netgear-switch-library/fastpath/parse.go:466.3,467.10 2 1
github.com/mithro/go-netgear-switch-library/fastpath/parse.go:467.10,468.12 1 0
github.com/mithro/go-netgear-switch-library/fastpath/parse.go:470.3,471.33 2 1
github.com/mithro/go-netgear-switch-library/fastpath/parse.go:471.33,473.4 1 1
github.com/mithro/go-netgear-switch-library/fastpath/parse.go:474.3,474.57 1 1
github.com/mithro/go-netgear-switch-library/fastpath/parse.go:476.2,476.12 1 1
github.com/mithro/go-netgear-switch-library/fastpath/parse.go:493.44,495.21 2 1
github.com/mithro/go-netgear-switch-library/fastpath/parse.go:495.21,497.3 1 1
github.com/mithro/go-netgear-switch-library/fastpath/parse.go:498.2,499.12 2 1
github.com/mithro/go-netgear-switch-library/fastpath/parse.go:513.64,515.58 2 1
github.com/mithro/go-netgear-switch-library/fastpath/parse.go:515.58,517.3 1 1
github.com/mithro/go-netgear-switch-library/fastpath/parse.go:518.2,519.56 2 1
github.com/mithro/go-netgear-switch-library/fastpath/parse.go:519.56,522.3 2 1
github.com/mithro/go-netgear-switch-library/fastpath/parse.go:523.2,524.17 2 1
github.com/mithro/go-netgear-switch-library/fastpath/parse.go:524.17,526.3 1 1
github.com/mithro/go-netgear-switch-library/fastpath/parse.go:528.2,530.48 3 1
github.com/mithro/go-netgear-switch-library/fastpath/parse.go:530.48,531.33 1 1
github.com/mithro/go-netgear-switch-library/fastpath/parse.go:531.33,532.12 1 0
github.com/mithro/go-netgear-switch-library/fastpath/parse.go:534.3,535.10 2 1
github.com/mithro/go-netgear-switch-library/fastpath/parse.go:535.10,536.12 1 1
github.com/mithro/go-netgear-switch-library/fastpath/parse.go:538.3,538.56 1 1
github.com/mithro/go-netgear-switch-library/fastpath/parse.go:538.56,539.12 1 1
github.com/mithro/go-netgear-switch-library/fastpath/parse.go:541.3,541.55 1 1
github.com/mithro/go-netgear-switch-library/fastpath/parse.go:541.55,543.4 1 1
github.com/mithro/go-netgear-switch-library/fastpath/parse.go:543.9,545.4 1 1
github.com/mithro/go-netgear-switch-library/fastpath/parse.go:547.2,548.24 2 1
github.com/mithro/go-netgear-switch-library/fastpath/parse.go:548.24,550.3 1 1
github.com/mithro/go-netgear-switch-library/fastpath/parse.go:551.2,551.26 1 1
github.com/mithro/go-netgear-switch-library/fastpath/parse.go:551.26,553.3 1 1
github.com/mithro/go-netgear-switch-library/fastpath/parse.go:555.2,561.3 1 1
github.com/mithro/go-netgear-switch-library/fastpath/parse.go:582.43,584.48 2 1
github.com/mithro/go-netgear-switch-library/fastpath/parse.go:584.48,585.35 1 1
github.com/mithro/go-netgear-switch-library/fastpath/parse.go:585.35,586.12 1 0
github.com/mithro/go-netgear-switch-library/fastpath/parse.go:588.3,589.10 2 1
github.com/mithro/go-netgear-switch-library/fastpath/parse.go:589.10,590.12 1 1
github.com/mithro/go-netgear-switch-library/fastpath/parse.go:592.3,593.10 2 1
github.com/mithro/go-netgear-switch-library/fastpath/parse.go:593.10,594.12 1 0
github.com/mithro/go-netgear-switch-library/fastpath/parse.go:596.3,596.56 1 1
github.com/mithro/go-netgear-switch-library/fastpath/parse.go:598.2,598.12 1 1
github.com/mithro/go-netgear-switch-library/fastpath/parse.go:632.50,634.48 2 1
github.com/mithro/go-netgear-switch-library/fastpath/parse.go:634.48,635.31 1 1
github.com/mithro/go-netgear-switch-library/fastpath/parse.go:635.31,636.12 1 0
github.com/mithro/go-netgear-switch-library/fastpath/parse.go:638.3,639.34 2 1
github.com/mithro/go-netgear-switch-library/fastpath/parse.go:639.34,640.12 1 0
github.com/mithro/go-netgear-switch-library/fastpath/parse.go:642.3,643.10 2 1
github.com/mithro/go-netgear-switch-library/fastpath/parse.go:643.10,644.12 1 0
github.com/mithro/go-netgear-switch-library/fastpath/parse.go:646.3,647.44 2 1
github.com/mithro/go-netgear-switch-library/fastpath/parse.go:647.44,649.4 1 1
github.com/mithro/go-netgear-switch-library/fastpath/parse.go:650.3,650.75 1 1
github.com/mithro/go-netgear-switch-library/fastpath/parse.go:652.2,652.12 1 1
github.com/mithro/go-netgear-switch-library/fastpath/parse.go:676.50,678.48 2 1
github.com/mithro/go-netgear-switch-library/fastpath/parse.go:678.48,679.22 1 1
github.com/mithro/go-netgear-switch-library/fastpath/parse.go:679.22,680.12 1 0
github.com/mithro/go-netgear-switch-library/fastpath/parse.go:682.3,683.10 2 1
github.com/mithro/go-netgear-switch-library/fastpath/parse.go:683.10,684.12 1 1
github.com/mithro/go-netgear-switch-library/fastpath/parse.go:686.3,686.79 1 1
github.com/mithro/go-netgear-switch-library/fastpath/parse.go:686.79,687.12 1 1
github.com/mithro/go-netgear-switch-library/fastpath/parse.go:689.3,690.58 2 1
github.com/mithro/go-netgear-switch-library/fastpath/parse.go:690.58,692.4 1 1
github.com/mithro/go-netgear-switch-library/fastpath/parse.go:693.3,693.75 1 1
github.com/mithro/go-netgear-switch-library/fastpath/parse.go:693.75,695.4 1 1
github.com/mithro/go-netgear-switch-library/fastpath/parse.go:696.3,696.57 1 1
github.com/mithro/go-netgear-switch-library/fastpath/parse.go:696.57,698.4 1 1
github.com/mithro/go-netgear-switch-library/fastpath/parse.go:699.3,705.5 1 1
github.com/mithro/go-netgear-switch-library/fastpath/parse.go:707.2,707.12 1 1
github.com/mithro/go-netgear-switch-library/fastpath/parse.go:744.57,745.26 1 1
github.com/mithro/go-netgear-switch-library/fastpath/parse.go:745.26,746.18 1 1
github.com/mithro/go-netgear-switch-library/fastpath/parse.go:746.18,748.4 1 1
github.com/mithro/go-netgear-switch-library/fastpath/parse.go:750.2,750.17 1 0
github.com/mithro/go-netgear-switch-library/fastpath/parse.go:761.46,764.9 3 1
github.com/mithro/go-netgear-switch-library/fastpath/parse.go:764.9,766.3 1 0
github.com/mithro/go-netgear-switch-library/fastpath/parse.go:767.2,768.9 2 1
github.com/mithro/go-netgear-switch-library/fastpath/parse.go:768.9,770.3 1 0
github.com/mithro/go-netgear-switch-library/fastpath/parse.go:771.2,772.9 2 1
github.com/mithro/go-netgear-switch-library/fastpath/parse.go:772.9,774.3 1 0
github.com/mithro/go-netgear-switch-library/fastpath/parse.go:775.2,776.16 2 1
github.com/mithro/go-netgear-switch-library/fastpath/parse.go:776.16,778.3 1 1
github.com/mithro/go-netgear-switch-library/fastpath/parse.go:779.2,779.20 1 1
github.com/mithro/go-netgear-switch-library/fastpath/parse.go:779.20,781.3 1 1
github.com/mithro/go-netgear-switch-library/fastpath/parse.go:782.2,783.48 2 1
github.com/mithro/go-netgear-switch-library/fastpath/parse.go:783.48,784.25 1 1
github.com/mithro/go-netgear-switch-library/fastpath/parse.go:784.25,785.12 1 0
github.com/mithro/go-netgear-switch-library/fastpath/parse.go:787.3,788.10 2 1
github.com/mithro/go-netgear-switch-library/fastpath/parse.go:788.10,789.12 1 0
github.com/mithro/go-netgear-switch-library/fastpath/parse.go:791.3,793.35 3 1
github.com/mithro/go-netgear-switch-library/fastpath/parse.go:793.35,794.42 1 1
github.com/mithro/go-netgear-switch-library/fastpath/parse.go:794.42,796.10 2 1
github.com/mithro/go-netgear-switch-library/fastpath/parse.go:799.3,800.40 2 1
github.com/mithro/go-netgear-switch-library/fastpath/parse.go:800.40,802.4 1 1
github.com/mithro/go-netgear-switch-library/fastpath/parse.go:803.3,808.5 1 1
github.com/mithro/go-netgear-switch-library/fastpath/parse.go:810.2,810.12 1 1
github.com/mithro/go-netgear-switch-library/fastpath/parse.go:842.51,844.68 2 1
github.com/mithro/go-netgear-switch-library/fastpath/parse.go:844.68,845.33 1 1
github.com/mithro/go-netgear-switch-library/fastpath/parse.go:845.33,846.12 1 0
github.com/mithro/go-netgear-switch-library/fastpath/parse.go:848.3,849.10 2 1
github.com/mithro/go-netgear-switch-library/fastpath/parse.go:849.10,850.12 1 0
github.com/mithro/go-netgear-switch-library/fastpath/parse.go:852.3,857.5 1 1
github.com/mithro/go-netgear-switch-library/fastpath/parse.go:859.2,859.53 1 1
github.com/mithro/go-netgear-switch-library/fastpath/parse.go:859.53,860.32 1 1
github.com/mithro/go-netgear-switch-library/fastpath/parse.go:860.32,861.12 1 0
github.com/mithro/go-netgear-switch-library/fastpath/parse.go:863.3,864.10 2 1
github.com/mithro/go-netgear-switch-library/fastpath/parse.go:864.10,865.12 1 1
github.com/mithro/go-netgear-switch-library/fastpath/parse.go:867.3,872.5 1 1
github.com/mithro/go-netgear-switch-library/fastpath/parse.go:874.2,875.47 2 1
github.com/mithro/go-netgear-switch-library/fastpath/parse.go:875.47,877.3 1 1
github.com/mithro/go-netgear-switch-library/fastpath/parse.go:878.2,878.54 1 1
github.com/mithro/go-netgear-switch-library/fastpath/parse.go:878.54,879.32 1 1
github.com/mithro/go-netgear-switch-library/fastpath/parse.go:879.32,880.12 1 0
github.com/mithro/go-netgear-switch-library/fastpath/parse.go:882.3,884.29 3 1
github.com/mithro/go-netgear-switch-library/fastpath/parse.go:884.29,886.4 1 1
github.com/mithro/go-netgear-switch-library/fastpath/parse.go:887.3,892.5 1 1
github.com/mithro/go-netgear-switch-library/fastpath/parse.go:894.2,894.12 1 1
github.com/mithro/go-netgear-switch-library/fastpath/parse.go:907.50,910.17 3 1
github.com/mithro/go-netgear-switch-library/fastpath/parse.go:910.17,912.3 1 1
github.com/mithro/go-netgear-switch-library/fastpath/parse.go:913.2,915.9 3 1
github.com/mithro/go-netgear-switch-library/fastpath/parse.go:916.23,917.26 1 1
github.com/mithro/go-netgear-switch-library/fastpath/parse.go:918.19,919.28 1 1
github.com/mithro/go-netgear-switch-library/fastpath/parse.go:921.2,923.32 3 1
github.com/mithro/go-netgear-switch-library/fastpath/parse.go:923.32,925.3 1 1
github.com/mithro/go-netgear-switch-library/fastpath/parse.go:926.2,927.40 2 1
github.com/mithro/go-netgear-switch-library/fastpath/parse.go:927.40,929.3 1 1
github.com/mithro/go-netgear-switch-library/fastpath/parse.go:930.2,930.41 1 1
github.com/mithro/go-netgear-switch-library/fastpath/parse.go:930.41,932.3 1 1
github.com/mithro/go-netgear-switch-library/fastpath/parse.go:933.2,933.45 1 1
github.com/mithro/go-netgear-switch-library/fastpath/parse.go:933.45,935.3 1 1
github.com/mithro/go-netgear-switch-library/fastpath/parse.go:936.2,942.3 1 1
github.com/mithro/go-netgear-switch-library/fastpath/parse.go:954.46,956.16 2 1
github.com/mithro/go-netgear-switch-library/fastpath/parse.go:956.16,958.3 1 0
github.com/mithro/go-netgear-switch-library/fastpath/parse.go:959.2,959.16 1 1
github.com/mithro/go-netgear-switch-library/fastpath/parse.go:983.68,985.36 2 1
github.com/mithro/go-netgear-switch-library/fastpath/parse.go:985.36,986.46 1 1
github.com/mithro/go-netgear-switch-library/fastpath/parse.go:986.46,988.4 1 1
github.com/mithro/go-netgear-switch-library/fastpath/parse.go:989.3,989.13 1 0
github.com/mithro/go-netgear-switch-library/fastpath/parse.go:991.2,999.3 1 1
github.com/mithro/go-netgear-switch-library/fastpath/reader.go:40.51,42.2 1 1
github.com/mithro/go-netgear-switch-library/fastpath/reader.go:60.72,62.16 2 1
github.com/mithro/go-netgear-switch-library/fastpath/reader.go:62.16,64.3 1 1
github.com/mithro/go-netgear-switch-library/fastpath/reader.go:65.2,65.61 1 1
github.com/mithro/go-netgear-switch-library/fastpath/reader.go:71.76,73.16 2 1
github.com/mithro/go-netgear-switch-library/fastpath/reader.go:73.16,75.3 1 1
github.com/mithro/go-netgear-switch-library/fastpath/reader.go:76.2,76.35 1 1
github.com/mithro/go-netgear-switch-library/fastpath/reader.go:89.75,91.16 2 1
github.com/mithro/go-netgear-switch-library/fastpath/reader.go:91.16,93.3 1 0
github.com/mithro/go-netgear-switch-library/fastpath/reader.go:94.2,95.29 2 1
github.com/mithro/go-netgear-switch-library/fastpath/reader.go:95.29,97.17 2 1
github.com/mithro/go-netgear-switch-library/fastpath/reader.go:97.17,99.4 1 0
github.com/mithro/go-netgear-switch-library/fastpath/reader.go:100.3,100.61 1 1
github.com/mithro/go-netgear-switch-library/fastpath/reader.go:102.2,102.17 1 1
github.com/mithro/go-netgear-switch-library/fastpath/reader.go:113.74,115.16 2 1
github.com/mithro/go-netgear-switch-library/fastpath/reader.go:115.16,117.3 1 0
github.com/mithro/go-netgear-switch-library/fastpath/reader.go:118.2,120.28 3 1
github.com/mithro/go-netgear-switch-library/fastpath/reader.go:120.28,122.17 2 1
github.com/mithro/go-netgear-switch-library/fastpath/reader.go:122.17,124.4 1 0
github.com/mithro/go-netgear-switch-library/fastpath/reader.go:125.3,126.56 2 1
github.com/mithro/go-netgear-switch-library/fastpath/reader.go:128.2,128.17 1 1
github.com/mithro/go-netgear-switch-library/fastpath/reader.go:134.70,136.16 2 1
github.com/mithro/go-netgear-switch-library/fastpath/reader.go:136.16,138.3 1 0
github.com/mithro/go-netgear-switch-library/fastpath/reader.go:139.2,139.30 1 1
github.com/mithro/go-netgear-switch-library/fastpath/reader.go:149.73,150.28 1 1
github.com/mithro/go-netgear-switch-library/fastpath/reader.go:150.28,152.3 1 1
github.com/mithro/go-netgear-switch-library/fastpath/reader.go:153.2,154.16 2 1
github.com/mithro/go-netgear-switch-library/fastpath/reader.go:154.16,156.3 1 0
github.com/mithro/go-netgear-switch-library/fastpath/reader.go:157.2,157.33 1 1
github.com/mithro/go-netgear-switch-library/fastpath/reader.go:163.77,165.16 2 1
github.com/mithro/go-netgear-switch-library/fastpath/reader.go:165.16,167.3 1 0
github.com/mithro/go-netgear-switch-library/fastpath/reader.go:168.2,168.29 1 1
github.com/mithro/go-netgear-switch-library/fastpath/reader.go:177.73,178.31 1 1
github.com/mithro/go-netgear-switch-library/fastpath/reader.go:178.31,180.3 1 1
github.com/mithro/go-netgear-switch-library/fastpath/reader.go:181.2,182.16 2 1
github.com/mithro/go-netgear-switch-library/fastpath/reader.go:182.16,184.3 1 0
github.com/mithro/go-netgear-switch-library/fastpath/reader.go:185.2,185.28 1 1
github.com/mithro/go-netgear-switch-library/fastpath/reader.go:192.74,194.16 2 1
github.com/mithro/go-netgear-switch-library/fastpath/reader.go:194.16,196.3 1 0
github.com/mithro/go-netgear-switch-library/fastpath/reader.go:197.2,197.36 1 1
github.com/mithro/go-netgear-switch-library/fastpath/reader.go:204.77,206.16 2 1
github.com/mithro/go-netgear-switch-library/fastpath/reader.go:206.16,208.3 1 0
github.com/mithro/go-netgear-switch-library/fastpath/reader.go:209.2,209.31 1 1
github.com/mithro/go-netgear-switch-library/fastpath/reader.go:218.77,220.16 2 1
github.com/mithro/go-netgear-switch-library/fastpath/reader.go:220.16,222.3 1 0
github.com/mithro/go-netgear-switch-library/fastpath/reader.go:223.2,223.48 1 1
github.com/mithro/go-netgear-switch-library/fastpath/serial.go:102.48,104.15 2 1
github.com/mithro/go-netgear-switch-library/fastpath/serial.go:104.15,106.3 1 1
github.com/mithro/go-netgear-switch-library/fastpath/serial.go:107.2,112.3 1 1
github.com/mithro/go-netgear-switch-library/fastpath/serial.go:118.52,119.22 1 1
github.com/mithro/go-netgear-switch-library/fastpath/serial.go:119.22,121.3 1 1
github.com/mithro/go-netgear-switch-library/fastpath/serial.go:122.2,122.20 1 1
github.com/mithro/go-netgear-switch-library/fastpath/serial.go:129.64,131.51 1 1
github.com/mithro/go-netgear-switch-library/fastpath/serial.go:131.51,133.3 1 1
github.com/mithro/go-netgear-switch-library/fastpath/serial.go:134.2,134.62 1 1
github.com/mithro/go-netgear-switch-library/fastpath/serial.go:134.62,136.3 1 0
github.com/mithro/go-netgear-switch-library/fastpath/serial.go:137.2,137.62 1 1
github.com/mithro/go-netgear-switch-library/fastpath/serial.go:137.62,139.3 1 0
github.com/mithro/go-netgear-switch-library/fastpath/serial.go:140.2,140.12 1 1
github.com/mithro/go-netgear-switch-library/fastpath/serial.go:165.59,167.2 1 1
github.com/mithro/go-netgear-switch-library/fastpath/serial.go:179.55,181.35 2 1
github.com/mithro/go-netgear-switch-library/fastpath/serial.go:181.35,183.3 1 1
github.com/mithro/go-netgear-switch-library/fastpath/serial.go:184.2,184.15 1 1
github.com/mithro/go-netgear-switch-library/fastpath/serial.go:188.56,190.2 1 1
github.com/mithro/go-netgear-switch-library/fastpath/serial.go:195.41,198.2 2 1
github.com/mithro/go-netgear-switch-library/fastpath/serial.go:215.62,220.16 4 1
github.com/mithro/go-netgear-switch-library/fastpath/serial.go:220.16,222.3 1 1
github.com/mithro/go-netgear-switch-library/fastpath/serial.go:223.2,223.53 1 0
github.com/mithro/go-netgear-switch-library/fastpath/serial.go:223.53,226.3 2 0
github.com/mithro/go-netgear-switch-library/fastpath/serial.go:228.2,229.67 2 0
github.com/mithro/go-netgear-switch-library/fastpath/serial.go:229.67,232.3 2 0
github.com/mithro/go-netgear-switch-library/fastpath/serial.go:233.2,233.15 1 0
github.com/mithro/go-netgear-switch-library/fastpath/session.go:200.78,201.25 1 1
github.com/mithro/go-netgear-switch-library/fastpath/session.go:201.25,203.3 1 1
github.com/mithro/go-netgear-switch-library/fastpath/session.go:204.2,204.28 1 1
github.com/mithro/go-netgear-switch-library/fastpath/session.go:204.28,206.3 1 1
github.com/mithro/go-netgear-switch-library/fastpath/session.go:207.2,207.23 1 1
github.com/mithro/go-netgear-switch-library/fastpath/session.go:207.23,209.3 1 1
github.com/mithro/go-netgear-switch-library/fastpath/session.go:210.2,210.53 1 1
github.com/mithro/go-netgear-switch-library/fastpath/session.go:215.52,218.2 2 1
github.com/mithro/go-netgear-switch-library/fastpath/session.go:226.69,229.32 3 1
github.com/mithro/go-netgear-switch-library/fastpath/session.go:229.32,231.12 2 1
github.com/mithro/go-netgear-switch-library/fastpath/session.go:231.12,233.4 1 1
github.com/mithro/go-netgear-switch-library/fastpath/session.go:234.3,235.33 2 1
github.com/mithro/go-netgear-switch-library/fastpath/session.go:235.33,237.4 1 1
github.com/mithro/go-netgear-switch-library/fastpath/session.go:238.3,238.52 1 1
github.com/mithro/go-netgear-switch-library/fastpath/session.go:238.52,240.4 1 1
github.com/mithro/go-netgear-switch-library/fastpath/session.go:241.3,241.13 1 1
github.com/mithro/go-netgear-switch-library/fastpath/session.go:241.13,242.35 1 1
github.com/mithro/go-netgear-switch-library/fastpath/session.go:242.35,244.5 1 1
github.com/mithro/go-netgear-switch-library/fastpath/session.go:247.4,247.9 1 1
github.com/mithro/go-netgear-switch-library/fastpath/session.go:250.2,250.87 1 1
github.com/mithro/go-netgear-switch-library/fastpath/session.go:260.56,261.34 1 1
github.com/mithro/go-netgear-switch-library/fastpath/session.go:261.34,263.3 1 0
github.com/mithro/go-netgear-switch-library/fastpath/session.go:264.2,264.46 1 1
github.com/mithro/go-netgear-switch-library/fastpath/session.go:264.46,266.3 1 0
github.com/mithro/go-netgear-switch-library/fastpath/session.go:267.2,267.53 1 1
github.com/mithro/go-netgear-switch-library/fastpath/session.go:267.53,269.3 1 0
github.com/mithro/go-netgear-switch-library/fastpath/session.go:270.2,271.16 2 1
github.com/mithro/go-netgear-switch-library/fastpath/session.go:271.16,273.3 1 0
github.com/mithro/go-netgear-switch-library/fastpath/session.go:274.2,274.33 1 1
github.com/mithro/go-netgear-switch-library/fastpath/session.go:274.33,276.59 1 1
github.com/mithro/go-netgear-switch-library/fastpath/session.go:276.59,278.4 1 0
github.com/mithro/go-netgear-switch-library/fastpath/session.go:279.3,279.47 1 1
github.com/mithro/go-netgear-switch-library/fastpath/session.go:279.47,281.4 1 0
github.com/mithro/go-netgear-switch-library/fastpath/session.go:283.2,283.56 1 1
github.com/mithro/go-netgear-switch-library/fastpath/session.go:283.56,285.3 1 0
github.com/mithro/go-netgear-switch-library/fastpath/session.go:286.2,287.12 2 1
github.com/mithro/go-netgear-switch-library/fastpath/session.go:292.80,293.34 1 1
github.com/mithro/go-netgear-switch-library/fastpath/session.go:293.34,295.3 1 1
github.com/mithro/go-netgear-switch-library/fastpath/session.go:296.2,296.45 1 1
github.com/mithro/go-netgear-switch-library/fastpath/session.go:296.45,298.3 1 0
github.com/mithro/go-netgear-switch-library/fastpath/session.go:299.2,300.16 2 1
github.com/mithro/go-netgear-switch-library/fastpath/session.go:300.16,302.3 1 1
github.com/mithro/go-netgear-switch-library/fastpath/session.go:303.2,303.39 1 1
github.com/mithro/go-netgear-switch-library/fastpath/session.go:312.100,313.34 1 1
github.com/mithro/go-netgear-switch-library/fastpath/session.go:313.34,315.3 1 0
github.com/mithro/go-netgear-switch-library/fastpath/session.go:316.2,316.45 1 1
github.com/mithro/go-netgear-switch-library/fastpath/session.go:316.45,318.3 1 0
github.com/mithro/go-netgear-switch-library/fastpath/session.go:319.2,323.32 5 1
github.com/mithro/go-netgear-switch-library/fastpath/session.go:323.32,325.12 2 1
github.com/mithro/go-netgear-switch-library/fastpath/session.go:325.12,328.4 2 1
github.com/mithro/go-netgear-switch-library/fastpath/session.go:329.3,330.37 2 1
github.com/mithro/go-netgear-switch-library/fastpath/session.go:330.37,332.4 1 1
github.com/mithro/go-netgear-switch-library/fastpath/session.go:333.3,333.34 1 1
github.com/mithro/go-netgear-switch-library/fastpath/session.go:333.34,334.45 1 1
github.com/mithro/go-netgear-switch-library/fastpath/session.go:334.45,336.5 1 0
github.com/mithro/go-netgear-switch-library/fastpath/session.go:337.4,338.12 2 1
github.com/mithro/go-netgear-switch-library/fastpath/session.go:340.3,340.38 1 1
github.com/mithro/go-netgear-switch-library/fastpath/session.go:340.38,341.51 1 1
github.com/mithro/go-netgear-switch-library/fastpath/session.go:341.51,343.5 1 0
github.com/mithro/go-netgear-switch-library/fastpath/session.go:344.4,345.12 2 1
github.com/mithro/go-netgear-switch-library/fastpath/session.go:347.3,347.37 1 1
github.com/mithro/go-netgear-switch-library/fastpath/session.go:347.37,349.60 1 1
github.com/mithro/go-netgear-switch-library/fastpath/session.go:349.60,351.5 1 0
github.com/mithro/go-netgear-switch-library/fastpath/session.go:352.4,353.12 2 1
github.com/mithro/go-netgear-switch-library/fastpath/session.go:355.3,355.37 1 1
github.com/mithro/go-netgear-switch-library/fastpath/session.go:355.37,357.4 1 1
github.com/mithro/go-netgear-switch-library/fastpath/session.go:358.3,358.33 1 1
github.com/mithro/go-netgear-switch-library/fastpath/session.go:358.33,360.4 1 1
github.com/mithro/go-netgear-switch-library/fastpath/session.go:361.3,361.13 1 1
github.com/mithro/go-netgear-switch-library/fastpath/session.go:361.13,362.35 1 1
github.com/mithro/go-netgear-switch-library/fastpath/session.go:362.35,364.5 1 0
github.com/mithro/go-netgear-switch-library/fastpath/session.go:365.4,365.9 1 1
github.com/mithro/go-netgear-switch-library/fastpath/session.go:368.2,368.15 1 1
github.com/mithro/go-netgear-switch-library/fastpath/session.go:368.15,370.3 1 1
github.com/mithro/go-netgear-switch-library/fastpath/session.go:371.2,371.86 1 1
github.com/mithro/go-netgear-switch-library/fastpath/session.go:379.106,380.34 1 1
github.com/mithro/go-netgear-switch-library/fastpath/session.go:380.34,382.3 1 0
github.com/mithro/go-netgear-switch-library/fastpath/session.go:383.2,383.14 1 1
github.com/mithro/go-netgear-switch-library/fastpath/session.go:383.14,387.73 1 1
github.com/mithro/go-netgear-switch-library/fastpath/session.go:387.73,389.4 1 0
github.com/mithro/go-netgear-switch-library/fastpath/session.go:390.8,391.46 1 1
github.com/mithro/go-netgear-switch-library/fastpath/session.go:391.46,393.4 1 0
github.com/mithro/go-netgear-switch-library/fastpath/session.go:395.2,398.32 4 1
github.com/mithro/go-netgear-switch-library/fastpath/session.go:398.32,400.12 2 1
github.com/mithro/go-netgear-switch-library/fastpath/session.go:400.12,403.4 2 1
github.com/mithro/go-netgear-switch-library/fastpath/session.go:404.3,405.50 2 1
github.com/mithro/go-netgear-switch-library/fastpath/session.go:405.50,406.60 1 1
github.com/mithro/go-netgear-switch-library/fastpath/session.go:406.60,408.5 1 0
github.com/mithro/go-netgear-switch-library/fastpath/session.go:409.4,410.12 2 1
github.com/mithro/go-netgear-switch-library/fastpath/session.go:412.3,412.33 1 1
github.com/mithro/go-netgear-switch-library/fastpath/session.go:412.33,414.4 1 1
github.com/mithro/go-netgear-switch-library/fastpath/session.go:415.3,415.13 1 1
github.com/mithro/go-netgear-switch-library/fastpath/session.go:415.13,416.35 1 1
github.com/mithro/go-netgear-switch-library/fastpath/session.go:416.35,418.5 1 0
github.com/mithro/go-netgear-switch-library/fastpath/session.go:419.4,419.9 1 1
github.com/mithro/go-netgear-switch-library/fastpath/session.go:422.2,422.77 1 1
github.com/mithro/go-netgear-switch-library/fastpath/session.go:434.37,436.2 1 1
github.com/mithro/go-netgear-switch-library/fastpath/session.go:444.46,448.82 4 1
github.com/mithro/go-netgear-switch-library/fastpath/session.go:448.82,450.3 1 1
github.com/mithro/go-netgear-switch-library/fastpath/session.go:451.2,451.66 1 1
github.com/mithro/go-netgear-switch-library/fastpath/session.go:451.66,453.3 1 1
github.com/mithro/go-netgear-switch-library/fastpath/session.go:454.2,454.54 1 1
github.com/mithro/go-netgear-switch-library/fastpath/session.go:466.67,468.16 2 1
github.com/mithro/go-netgear-switch-library/fastpath/session.go:468.16,470.3 1 1
github.com/mithro/go-netgear-switch-library/fastpath/session.go:471.2,471.54 1 1
github.com/mithro/go-netgear-switch-library/fastpath/session.go:471.54,473.3 1 1
github.com/mithro/go-netgear-switch-library/fastpath/session.go:474.2,474.12 1 1
github.com/mithro/go-netgear-switch-library/fastpath/session.go:494.92,496.15 2 1
github.com/mithro/go-netgear-switch-library/fastpath/session.go:496.15,497.32 1 1
github.com/mithro/go-netgear-switch-library/fastpath/session.go:497.32,499.4 1 1
github.com/mithro/go-netgear-switch-library/fastpath/session.go:501.2,501.28 1 1
github.com/mithro/go-netgear-switch-library/fastpath/session.go:501.28,502.45 1 1
github.com/mithro/go-netgear-switch-library/fastpath/session.go:502.45,504.4 1 1
github.com/mithro/go-netgear-switch-library/fastpath/session.go:505.3,505.12 1 1
github.com/mithro/go-netgear-switch-library/fastpath/session.go:507.2,507.27 1 1
github.com/mithro/go-netgear-switch-library/fastpath/session.go:507.27,508.45 1 1
github.com/mithro/go-netgear-switch-library/fastpath/session.go:508.45,510.4 1 1
github.com/mithro/go-netgear-switch-library/fastpath/session.go:512.2,512.12 1 1
github.com/mithro/go-netgear-switch-library/fastpath/spec.go:52.47,53.32 1 1
github.com/mithro/go-netgear-switch-library/fastpath/spec.go:53.32,54.22 1 1
github.com/mithro/go-netgear-switch-library/fastpath/spec.go:54.22,56.4 1 1
github.com/mithro/go-netgear-switch-library/fastpath/spec.go:58.2,58.14 1 1
github.com/mithro/go-netgear-switch-library/fastpath/spec.go:142.49,144.2 1 1
github.com/mithro/go-netgear-switch-library/fastpath/spec.go:148.52,150.2 1 1
github.com/mithro/go-netgear-switch-library/fastpath/spec.go:158.47,159.91 1 1
github.com/mithro/go-netgear-switch-library/fastpath/spec.go:159.91,161.3 1 1
github.com/mithro/go-netgear-switch-library/fastpath/spec.go:162.2,162.63 1 1
github.com/mithro/go-netgear-switch-library/fastpath/spec.go:167.56,169.2 1 1
github.com/mithro/go-netgear-switch-library/fastpath/spec.go:173.52,175.2 1 1
github.com/mithro/go-netgear-switch-library/fastpath/spec.go:179.63,182.2 2 1
github.com/mithro/go-netgear-switch-library/fastpath/spec.go:186.52,188.2 1 1
github.com/mithro/go-netgear-switch-library/fastpath/spec.go:192.51,194.2 1 1
github.com/mithro/go-netgear-switch-library/fastpath/spec.go:199.73,201.13 2 1
github.com/mithro/go-netgear-switch-library/fastpath/spec.go:201.13,203.3 1 1
github.com/mithro/go-netgear-switch-library/fastpath/spec.go:204.2,205.51 2 1
github.com/mithro/go-netgear-switch-library/fastpath/spec.go:211.66,213.12 2 1
github.com/mithro/go-netgear-switch-library/fastpath/spec.go:213.12,215.3 1 1
github.com/mithro/go-netgear-switch-library/fastpath/spec.go:216.2,216.51 1 1
github.com/mithro/go-netgear-switch-library/fastpath/spec.go:221.50,223.2 1 1
github.com/mithro/go-netgear-switch-library/fastpath/spec.go:227.49,228.8 1 1
github.com/mithro/go-netgear-switch-library/fastpath/spec.go:228.8,230.3 1 1
github.com/mithro/go-netgear-switch-library/fastpath/spec.go:231.2,231.24 1 1
github.com/mithro/go-netgear-switch-library/fastpath/spec.go:236.55,237.13 1 1
github.com/mithro/go-netgear-switch-library/fastpath/spec.go:237.13,239.3 1 1
github.com/mithro/go-netgear-switch-library/fastpath/spec.go:240.2,240.25 1 1
github.com/mithro/go-netgear-switch-library/fastpath/spec.go:247.97,248.35 1 1
github.com/mithro/go-netgear-switch-library/fastpath/spec.go:248.35,252.3 3 1
github.com/mithro/go-netgear-switch-library/fastpath/spec.go:253.2,253.37 1 1
github.com/mithro/go-netgear-switch-library/fastpath/spec.go:253.37,255.3 1 1
github.com/mithro/go-netgear-switch-library/fastpath/spec.go:256.2,256.39 1 1
github.com/mithro/go-netgear-switch-library/fastpath/spec.go:256.39,258.3 1 1
github.com/mithro/go-netgear-switch-library/fastpath/spec.go:259.2,259.29 1 1
github.com/mithro/go-netgear-switch-library/fastpath/spec.go:293.43,298.2 4 1
github.com/mithro/go-netgear-switch-library/fastpath/spec.go:305.82,353.2 1 1
github.com/mithro/go-netgear-switch-library/fastpath/spec.go:367.41,371.2 3 1
github.com/mithro/go-netgear-switch-library/fastpath/spec.go:377.40,381.2 3 1
github.com/mithro/go-netgear-switch-library/fastpath/spec.go:385.40,389.2 3 1
github.com/mithro/go-netgear-switch-library/fastpath/spec.go:401.41,412.2 8 1
github.com/mithro/go-netgear-switch-library/fastpath/spec.go:436.59,437.23 1 1
github.com/mithro/go-netgear-switch-library/fastpath/spec.go:437.23,439.3 1 1
github.com/mithro/go-netgear-switch-library/fastpath/spec.go:440.2,441.9 2 1
github.com/mithro/go-netgear-switch-library/fastpath/spec.go:441.9,443.3 1 1
github.com/mithro/go-netgear-switch-library/fastpath/spec.go:444.2,444.18 1 1
github.com/mithro/go-netgear-switch-library/fastpath/spec.go:487.64,488.23 1 1
github.com/mithro/go-netgear-switch-library/fastpath/spec.go:488.23,490.3 1 1
github.com/mithro/go-netgear-switch-library/fastpath/spec.go:491.2,492.9 2 1
github.com/mithro/go-netgear-switch-library/fastpath/spec.go:492.9,499.3 1 1
github.com/mithro/go-netgear-switch-library/fastpath/spec.go:500.2,500.21 1 1
github.com/mithro/go-netgear-switch-library/fastpath/ssh.go:126.56,128.15 2 1
github.com/mithro/go-netgear-switch-library/fastpath/ssh.go:128.15,130.3 1 0
github.com/mithro/go-netgear-switch-library/fastpath/ssh.go:131.2,132.18 2 1
github.com/mithro/go-netgear-switch-library/fastpath/ssh.go:132.18,134.3 1 0
github.com/mithro/go-netgear-switch-library/fastpath/ssh.go:136.2,160.16 4 1
github.com/mithro/go-netgear-switch-library/fastpath/ssh.go:160.16,162.3 1 0
github.com/mithro/go-netgear-switch-library/fastpath/ssh.go:163.2,164.16 2 1
github.com/mithro/go-netgear-switch-library/fastpath/ssh.go:164.16,167.3 2 1
github.com/mithro/go-netgear-switch-library/fastpath/ssh.go:168.2,171.16 3 1
github.com/mithro/go-netgear-switch-library/fastpath/ssh.go:171.16,174.3 2 0
github.com/mithro/go-netgear-switch-library/fastpath/ssh.go:175.2,175.15 1 1
github.com/mithro/go-netgear-switch-library/fastpath/ssh.go:185.62,188.26 3 1
github.com/mithro/go-netgear-switch-library/fastpath/ssh.go:188.26,189.18 1 1
github.com/mithro/go-netgear-switch-library/fastpath/ssh.go:189.18,191.4 1 1
github.com/mithro/go-netgear-switch-library/fastpath/ssh.go:193.2,193.12 1 1
github.com/mithro/go-netgear-switch-library/fastpath/ssh.go:202.112,204.16 2 1
github.com/mithro/go-netgear-switch-library/fastpath/ssh.go:204.16,206.3 1 0
github.com/mithro/go-netgear-switch-library/fastpath/ssh.go:210.2,210.81 1 1
github.com/mithro/go-netgear-switch-library/fastpath/ssh.go:210.81,213.3 2 0
github.com/mithro/go-netgear-switch-library/fastpath/ssh.go:220.2,221.16 2 1
github.com/mithro/go-netgear-switch-library/fastpath/ssh.go:221.16,224.3 2 0
github.com/mithro/go-netgear-switch-library/fastpath/ssh.go:225.2,226.16 2 1
github.com/mithro/go-netgear-switch-library/fastpath/ssh.go:226.16,229.3 2 0
github.com/mithro/go-netgear-switch-library/fastpath/ssh.go:232.2,232.40 1 1
github.com/mithro/go-netgear-switch-library/fastpath/ssh.go:232.40,235.3 2 0
github.com/mithro/go-netgear-switch-library/fastpath/ssh.go:236.2,243.8 1 1
github.com/mithro/go-netgear-switch-library/fastpath/ssh.go:274.52,275.23 1 1
github.com/mithro/go-netgear-switch-library/fastpath/ssh.go:275.23,277.3 1 1
github.com/mithro/go-netgear-switch-library/fastpath/ssh.go:278.2,278.25 1 1
github.com/mithro/go-netgear-switch-library/fastpath/ssh.go:283.53,285.2 1 1
github.com/mithro/go-netgear-switch-library/fastpath/ssh.go:291.38,295.2 3 1
github.com/mithro/go-netgear-switch-library/fastpath/telnet.go:129.47,131.2 1 1
github.com/mithro/go-netgear-switch-library/fastpath/telnet.go:141.50,142.17 1 1
github.com/mithro/go-netgear-switch-library/fastpath/telnet.go:142.17,144.3 1 0
github.com/mithro/go-netgear-switch-library/fastpath/telnet.go:145.2,146.17 2 1
github.com/mithro/go-netgear-switch-library/fastpath/telnet.go:146.17,148.17 2 1
github.com/mithro/go-netgear-switch-library/fastpath/telnet.go:148.17,149.13 1 1
github.com/mithro/go-netgear-switch-library/fastpath/telnet.go:149.13,151.5 1 0
github.com/mithro/go-netgear-switch-library/fastpath/telnet.go:152.4,152.17 1 1
github.com/mithro/go-netgear-switch-library/fastpath/telnet.go:154.3,154.17 1 1
github.com/mithro/go-netgear-switch-library/fastpath/telnet.go:154.17,156.24 2 1
github.com/mithro/go-netgear-switch-library/fastpath/telnet.go:156.24,157.14 1 0
github.com/mithro/go-netgear-switch-library/fastpath/telnet.go:157.14,159.6 1 0
github.com/mithro/go-netgear-switch-library/fastpath/telnet.go:160.5,160.24 1 0
github.com/mithro/go-netgear-switch-library/fastpath/telnet.go:162.4,162.16 1 1
github.com/mithro/go-netgear-switch-library/fastpath/telnet.go:162.16,167.37 1 1
github.com/mithro/go-netgear-switch-library/fastpath/telnet.go:167.37,169.6 1 0
github.com/mithro/go-netgear-switch-library/fastpath/telnet.go:170.5,170.13 1 1
github.com/mithro/go-netgear-switch-library/fastpath/telnet.go:173.4,173.13 1 1
github.com/mithro/go-netgear-switch-library/fastpath/telnet.go:175.3,177.26 3 1
github.com/mithro/go-netgear-switch-library/fastpath/telnet.go:177.26,183.4 1 1
github.com/mithro/go-netgear-switch-library/fastpath/telnet.go:185.2,185.15 1 0
github.com/mithro/go-netgear-switch-library/fastpath/telnet.go:193.60,195.16 2 1
github.com/mithro/go-netgear-switch-library/fastpath/telnet.go:195.16,197.3 1 0
github.com/mithro/go-netgear-switch-library/fastpath/telnet.go:198.2,198.13 1 1
github.com/mithro/go-netgear-switch-library/fastpath/telnet.go:199.13,200.19 1 1
github.com/mithro/go-netgear-switch-library/fastpath/telnet.go:201.36,203.17 2 1
github.com/mithro/go-netgear-switch-library/fastpath/telnet.go:203.17,205.4 1 0
github.com/mithro/go-netgear-switch-library/fastpath/telnet.go:206.3,206.35 1 1
github.com/mithro/go-netgear-switch-library/fastpath/telnet.go:207.12,208.39 1 1
github.com/mithro/go-netgear-switch-library/fastpath/telnet.go:209.10,212.20 1 0
github.com/mithro/go-netgear-switch-library/fastpath/telnet.go:222.50,224.13 2 1
github.com/mithro/go-netgear-switch-library/fastpath/telnet.go:225.12,226.17 1 1
github.com/mithro/go-netgear-switch-library/fastpath/telnet.go:227.14,228.17 1 1
github.com/mithro/go-netgear-switch-library/fastpath/telnet.go:229.10,230.13 1 0
github.com/mithro/go-netgear-switch-library/fastpath/telnet.go:232.2,233.12 2 1
github.com/mithro/go-netgear-switch-library/fastpath/telnet.go:239.49,240.6 1 1
github.com/mithro/go-netgear-switch-library/fastpath/telnet.go:240.6,242.17 2 1
github.com/mithro/go-netgear-switch-library/fastpath/telnet.go:242.17,244.4 1 0
github.com/mithro/go-netgear-switch-library/fastpath/telnet.go:245.3,245.17 1 1
github.com/mithro/go-netgear-switch-library/fastpath/telnet.go:245.17,246.12 1 1
github.com/mithro/go-netgear-switch-library/fastpath/telnet.go:248.3,249.17 2 1
github.com/mithro/go-netgear-switch-library/fastpath/telnet.go:249.17,251.4 1 0
github.com/mithro/go-netgear-switch-library/fastpath/telnet.go:252.3,252.17 1 1
github.com/mithro/go-netgear-switch-library/fastpath/telnet.go:252.17,254.4 1 1
github.com/mithro/go-netgear-switch-library/fastpath/telnet.go:262.51,263.37 1 1
github.com/mithro/go-netgear-switch-library/fastpath/telnet.go:263.37,265.3 1 1
github.com/mithro/go-netgear-switch-library/fastpath/telnet.go:266.2,267.22 2 0
github.com/mithro/go-netgear-switch-library/fastpath/telnet.go:267.22,269.17 2 0
github.com/mithro/go-netgear-switch-library/fastpath/telnet.go:269.17,271.4 1 0
github.com/mithro/go-netgear-switch-library/fastpath/telnet.go:277.2,277.49 1 0
github.com/mithro/go-netgear-switch-library/fastpath/telnet.go:277.49,279.3 1 0
github.com/mithro/go-netgear-switch-library/fastpath/telnet.go:280.2,280.20 1 0
github.com/mithro/go-netgear-switch-library/fastpath/telnet.go:305.55,306.23 1 1
github.com/mithro/go-netgear-switch-library/fastpath/telnet.go:306.23,308.3 1 1
github.com/mithro/go-netgear-switch-library/fastpath/telnet.go:309.2,310.52 2 1
github.com/mithro/go-netgear-switch-library/fastpath/telnet.go:310.52,312.3 1 1
github.com/mithro/go-netgear-switch-library/fastpath/telnet.go:313.2,313.15 1 1
github.com/mithro/go-netgear-switch-library/fastpath/telnet.go:317.56,319.2 1 1
github.com/mithro/go-netgear-switch-library/fastpath/telnet.go:324.41,327.2 2 1
github.com/mithro/go-netgear-switch-library/fastpath/telnet.go:337.73,340.6 3 1
github.com/mithro/go-netgear-switch-library/fastpath/telnet.go:340.6,342.12 2 1
github.com/mithro/go-netgear-switch-library/fastpath/telnet.go:342.12,344.46 2 1
github.com/mithro/go-netgear-switch-library/fastpath/telnet.go:344.46,346.5 1 1
github.com/mithro/go-netgear-switch-library/fastpath/telnet.go:348.3,348.17 1 0
github.com/mithro/go-netgear-switch-library/fastpath/telnet.go:348.17,350.4 1 0
github.com/mithro/go-netgear-switch-library/fastpath/telnet.go:359.71,360.55 1 1
github.com/mithro/go-netgear-switch-library/fastpath/telnet.go:360.55,362.3 1 0
github.com/mithro/go-netgear-switch-library/fastpath/telnet.go:363.2,363.62 1 1
github.com/mithro/go-netgear-switch-library/fastpath/telnet.go:363.62,365.3 1 0
github.com/mithro/go-netgear-switch-library/fastpath/telnet.go:366.2,366.59 1 1
github.com/mithro/go-netgear-switch-library/fastpath/telnet.go:366.59,368.3 1 0
github.com/mithro/go-netgear-switch-library/fastpath/telnet.go:369.2,369.62 1 1
github.com/mithro/go-netgear-switch-library/fastpath/telnet.go:369.62,371.3 1 0
github.com/mithro/go-netgear-switch-library/fastpath/telnet.go:372.2,372.12 1 1
github.com/mithro/go-netgear-switch-library/fastpath/telnet.go:382.62,384.15 2 1
github.com/mithro/go-netgear-switch-library/fastpath/telnet.go:384.15,386.3 1 0
github.com/mithro/go-netgear-switch-library/fastpath/telnet.go:387.2,388.18 2 1
github.com/mithro/go-netgear-switch-library/fastpath/telnet.go:388.18,390.3 1 0
github.com/mithro/go-netgear-switch-library/fastpath/telnet.go:392.2,394.16 3 1
github.com/mithro/go-netgear-switch-library/fastpath/telnet.go:394.16,396.3 1 1
github.com/mithro/go-netgear-switch-library/fastpath/telnet.go:398.2,399.67 2 1
github.com/mithro/go-netgear-switch-library/fastpath/telnet.go:399.67,402.3 2 0
github.com/mithro/go-netgear-switch-library/fastpath/telnet.go:403.2,403.15 1 1
github.com/mithro/go-netgear-switch-library/fastpath/writer.go:86.49,88.2 1 1
github.com/mithro/go-netgear-switch-library/fastpath/writer.go:96.63,97.12 1 1
github.com/mithro/go-netgear-switch-library/fastpath/writer.go:97.12,98.10 1 1
github.com/mithro/go-netgear-switch-library/fastpath/writer.go:99.21,100.20 1 1
github.com/mithro/go-netgear-switch-library/fastpath/writer.go:101.11,102.14 1 1
github.com/mithro/go-netgear-switch-library/fastpath/writer.go:105.2,107.9 3 1
github.com/mithro/go-netgear-switch-library/fastpath/writer.go:108.17,109.13 1 1
github.com/mithro/go-netgear-switch-library/fastpath/writer.go:110.20,111.19 1 1
github.com/mithro/go-netgear-switch-library/fastpath/writer.go:125.107,126.25 1 1
github.com/mithro/go-netgear-switch-library/fastpath/writer.go:126.25,127.17 1 1
github.com/mithro/go-netgear-switch-library/fastpath/writer.go:127.17,129.4 1 1
github.com/mithro/go-netgear-switch-library/fastpath/writer.go:130.3,130.19 1 1
github.com/mithro/go-netgear-switch-library/fastpath/writer.go:130.19,132.4 1 1
github.com/mithro/go-netgear-switch-library/fastpath/writer.go:145.52,146.25 1 1
github.com/mithro/go-netgear-switch-library/fastpath/writer.go:146.25,147.27 1 1
github.com/mithro/go-netgear-switch-library/fastpath/writer.go:147.27,149.4 1 1
github.com/mithro/go-netgear-switch-library/fastpath/writer.go:159.94,161.16 2 1
github.com/mithro/go-netgear-switch-library/fastpath/writer.go:161.16,163.3 1 1
github.com/mithro/go-netgear-switch-library/fastpath/writer.go:164.2,165.16 2 1
github.com/mithro/go-netgear-switch-library/fastpath/writer.go:165.16,167.3 1 0
github.com/mithro/go-netgear-switch-library/fastpath/writer.go:168.2,177.27 2 1
github.com/mithro/go-netgear-switch-library/fastpath/writer.go:177.27,179.3 1 1
github.com/mithro/go-netgear-switch-library/fastpath/writer.go:180.2,180.15 1 1
github.com/mithro/go-netgear-switch-library/fastpath/writer.go:191.51,193.2 1 1
github.com/mithro/go-netgear-switch-library/fastpath/writer.go:201.52,202.38 1 1
github.com/mithro/go-netgear-switch-library/fastpath/writer.go:202.38,204.3 1 1
github.com/mithro/go-netgear-switch-library/fastpath/writer.go:205.2,205.12 1 1
github.com/mithro/go-netgear-switch-library/fastpath/writer.go:223.41,224.39 1 1
github.com/mithro/go-netgear-switch-library/fastpath/writer.go:224.39,226.3 1 1
github.com/mithro/go-netgear-switch-library/fastpath/writer.go:227.2,227.46 1 1
github.com/mithro/go-netgear-switch-library/fastpath/writer.go:235.81,237.16 2 1
github.com/mithro/go-netgear-switch-library/fastpath/writer.go:237.16,239.3 1 0
github.com/mithro/go-netgear-switch-library/fastpath/writer.go:240.2,240.23 1 1
github.com/mithro/go-netgear-switch-library/fastpath/writer.go:240.23,241.32 1 1
github.com/mithro/go-netgear-switch-library/fastpath/writer.go:241.32,243.4 1 1
github.com/mithro/go-netgear-switch-library/fastpath/writer.go:245.2,245.17 1 1
github.com/mithro/go-netgear-switch-library/fastpath/writer.go:252.62,253.61 1 1
github.com/mithro/go-netgear-switch-library/fastpath/writer.go:253.61,255.3 1 1
github.com/mithro/go-netgear-switch-library/fastpath/writer.go:256.2,256.45 1 1
github.com/mithro/go-netgear-switch-library/fastpath/writer.go:256.45,258.3 1 1
github.com/mithro/go-netgear-switch-library/fastpath/writer.go:259.2,259.27 1 1
github.com/mithro/go-netgear-switch-library/fastpath/writer.go:265.37,266.14 1 1
github.com/mithro/go-netgear-switch-library/fastpath/writer.go:266.14,268.3 1 1
github.com/mithro/go-netgear-switch-library/fastpath/writer.go:269.2,269.11 1 1
github.com/mithro/go-netgear-switch-library/fastpath/writer.go:276.49,277.26 1 1
github.com/mithro/go-netgear-switch-library/fastpath/writer.go:277.26,278.21 1 1
github.com/mithro/go-netgear-switch-library/fastpath/writer.go:278.21,281.4 2 1
github.com/mithro/go-netgear-switch-library/fastpath/writer.go:283.2,283.12 1 0
github.com/mithro/go-netgear-switch-library/fastpath/writer.go:290.40,292.26 2 1
github.com/mithro/go-netgear-switch-library/fastpath/writer.go:292.26,294.3 1 1
github.com/mithro/go-netgear-switch-library/fastpath/writer.go:295.2,295.46 1 1
github.com/mithro/go-netgear-switch-library/fastpath/writer.go:314.79,316.16 2 1
github.com/mithro/go-netgear-switch-library/fastpath/writer.go:316.16,318.3 1 0
github.com/mithro/go-netgear-switch-library/fastpath/writer.go:319.2,324.16 1 1
github.com/mithro/go-netgear-switch-library/fastpath/writer.go:324.16,326.3 1 1
github.com/mithro/go-netgear-switch-library/fastpath/writer.go:327.2,328.16 2 1
github.com/mithro/go-netgear-switch-library/fastpath/writer.go:328.16,330.3 1 0
github.com/mithro/go-netgear-switch-library/fastpath/writer.go:331.2,331.54 1 1
github.com/mithro/go-netgear-switch-library/fastpath/writer.go:331.54,337.3 1 1
github.com/mithro/go-netgear-switch-library/fastpath/writer.go:338.2,338.12 1 1
github.com/mithro/go-netgear-switch-library/fastpath/writer.go:352.78,354.16 2 1
github.com/mithro/go-netgear-switch-library/fastpath/writer.go:354.16,356.3 1 0
github.com/mithro/go-netgear-switch-library/fastpath/writer.go:357.2,357.19 1 1
github.com/mithro/go-netgear-switch-library/fastpath/writer.go:357.19,359.3 1 1
github.com/mithro/go-netgear-switch-library/fastpath/writer.go:360.2,360.12 1 1
github.com/mithro/go-netgear-switch-library/fastpath/writer.go:360.12,362.40 2 1
github.com/mithro/go-netgear-switch-library/fastpath/writer.go:362.40,363.27 1 1
github.com/mithro/go-netgear-switch-library/fastpath/writer.go:363.27,365.5 1 1
github.com/mithro/go-netgear-switch-library/fastpath/writer.go:367.3,367.21 1 1
github.com/mithro/go-netgear-switch-library/fastpath/writer.go:367.21,373.4 2 1
github.com/mithro/go-netgear-switch-library/fastpath/writer.go:375.2,380.16 1 1
github.com/mithro/go-netgear-switch-library/fastpath/writer.go:380.16,382.3 1 0
github.com/mithro/go-netgear-switch-library/fastpath/writer.go:383.2,384.16 2 1
github.com/mithro/go-netgear-switch-library/fastpath/writer.go:384.16,386.3 1 0
github.com/mithro/go-netgear-switch-library/fastpath/writer.go:387.2,387.18 1 1
github.com/mithro/go-netgear-switch-library/fastpath/writer.go:387.18,393.3 1 1
github.com/mithro/go-netgear-switch-library/fastpath/writer.go:394.2,394.12 1 1
github.com/mithro/go-netgear-switch-library/fastpath/writer.go:414.112,415.45 1 1
github.com/mithro/go-netgear-switch-library/fastpath/writer.go:415.45,417.3 1 1
github.com/mithro/go-netgear-switch-library/fastpath/writer.go:418.2,419.16 2 1
github.com/mithro/go-netgear-switch-library/fastpath/writer.go:419.16,421.3 1 0
github.com/mithro/go-netgear-switch-library/fastpath/writer.go:422.2,422.19 1 1
github.com/mithro/go-netgear-switch-library/fastpath/writer.go:422.19,424.3 1 1
github.com/mithro/go-netgear-switch-library/fastpath/writer.go:425.2,426.32 2 1
github.com/mithro/go-netgear-switch-library/fastpath/writer.go:426.32,428.3 1 1
github.com/mithro/go-netgear-switch-library/fastpath/writer.go:428.8,431.3 2 1
github.com/mithro/go-netgear-switch-library/fastpath/writer.go:432.2,437.16 1 1
github.com/mithro/go-netgear-switch-library/fastpath/writer.go:437.16,439.3 1 1
github.com/mithro/go-netgear-switch-library/fastpath/writer.go:440.2,441.16 2 1
github.com/mithro/go-netgear-switch-library/fastpath/writer.go:441.16,443.3 1 0
github.com/mithro/go-netgear-switch-library/fastpath/writer.go:444.2,444.18 1 1
github.com/mithro/go-netgear-switch-library/fastpath/writer.go:444.18,450.3 1 0
github.com/mithro/go-netgear-switch-library/fastpath/writer.go:451.2,452.17 2 1
github.com/mithro/go-netgear-switch-library/fastpath/writer.go:452.17,461.3 1 1
github.com/mithro/go-netgear-switch-library/fastpath/writer.go:462.2,462.12 1 1
github.com/mithro/go-netgear-switch-library/fastpath/writer.go:478.81,479.45 1 1
github.com/mithro/go-netgear-switch-library/fastpath/writer.go:479.45,481.3 1 1
github.com/mithro/go-netgear-switch-library/fastpath/writer.go:482.2,483.16 2 1
github.com/mithro/go-netgear-switch-library/fastpath/writer.go:483.16,485.3 1 0
github.com/mithro/go-netgear-switch-library/fastpath/writer.go:486.2,492.16 2 1
github.com/mithro/go-netgear-switch-library/fastpath/writer.go:492.16,494.3 1 1
github.com/mithro/go-netgear-switch-library/fastpath/writer.go:495.2,496.16 2 1
github.com/mithro/go-netgear-switch-library/fastpath/writer.go:496.16,498.3 1 0
github.com/mithro/go-netgear-switch-library/fastpath/writer.go:499.2,500.42 2 1
github.com/mithro/go-netgear-switch-library/fastpath/writer.go:500.42,506.3 1 1
github.com/mithro/go-netgear-switch-library/fastpath/writer.go:507.2,507.12 1 1
github.com/mithro/go-netgear-switch-library/fastpath/writer.go:512.34,513.14 1 1
github.com/mithro/go-netgear-switch-library/fastpath/writer.go:513.14,515.3 1 1
github.com/mithro/go-netgear-switch-library/fastpath/writer.go:516.2,516.25 1 1
github.com/mithro/go-netgear-switch-library/fastpath/writer.go:536.37,537.31 1 1
github.com/mithro/go-netgear-switch-library/fastpath/writer.go:537.31,542.3 1 1
github.com/mithro/go-netgear-switch-library/fastpath/writer.go:543.2,543.12 1 1
github.com/mithro/go-netgear-switch-library/fastpath/writer.go:549.85,551.16 2 1
github.com/mithro/go-netgear-switch-library/fastpath/writer.go:551.16,553.3 1 0
github.com/mithro/go-netgear-switch-library/fastpath/writer.go:554.2,554.26 1 1
github.com/mithro/go-netgear-switch-library/fastpath/writer.go:554.26,555.31 1 1
github.com/mithro/go-netgear-switch-library/fastpath/writer.go:555.31,557.4 1 1
github.com/mithro/go-netgear-switch-library/fastpath/writer.go:559.2,559.17 1 0
github.com/mithro/go-netgear-switch-library/fastpath/writer.go:566.87,568.16 2 1
github.com/mithro/go-netgear-switch-library/fastpath/writer.go:568.16,570.3 1 0
github.com/mithro/go-netgear-switch-library/fastpath/writer.go:571.2,571.26 1 1
github.com/mithro/go-netgear-switch-library/fastpath/writer.go:571.26,572.31 1 1
github.com/mithro/go-netgear-switch-library/fastpath/writer.go:572.31,574.4 1 1
github.com/mithro/go-netgear-switch-library/fastpath/writer.go:576.2,576.17 1 0
github.com/mithro/go-netgear-switch-library/fastpath/writer.go:595.83,596.39 1 1
github.com/mithro/go-netgear-switch-library/fastpath/writer.go:596.39,598.3 1 1
github.com/mithro/go-netgear-switch-library/fastpath/writer.go:599.2,599.9 1 1
github.com/mithro/go-netgear-switch-library/fastpath/writer.go:599.9,600.46 1 1
github.com/mithro/go-netgear-switch-library/fastpath/writer.go:600.46,602.4 1 1
github.com/mithro/go-netgear-switch-library/fastpath/writer.go:604.2,605.16 2 1
github.com/mithro/go-netgear-switch-library/fastpath/writer.go:605.16,607.3 1 0
github.com/mithro/go-netgear-switch-library/fastpath/writer.go:608.2,613.16 1 1
github.com/mithro/go-netgear-switch-library/fastpath/writer.go:613.16,615.3 1 0
github.com/mithro/go-netgear-switch-library/fastpath/writer.go:616.2,618.9 3 1
github.com/mithro/go-netgear-switch-library/fastpath/writer.go:618.9,620.3 1 1
github.com/mithro/go-netgear-switch-library/fastpath/writer.go:621.2,622.6 2 1
github.com/mithro/go-netgear-switch-library/fastpath/writer.go:622.6,624.17 2 1
github.com/mithro/go-netgear-switch-library/fastpath/writer.go:624.17,626.4 1 0
github.com/mithro/go-netgear-switch-library/fastpath/writer.go:627.3,627.47 1 1
github.com/mithro/go-netgear-switch-library/fastpath/writer.go:627.47,629.4 1 1
github.com/mithro/go-netgear-switch-library/fastpath/writer.go:630.3,630.34 1 1
github.com/mithro/go-netgear-switch-library/fastpath/writer.go:630.34,636.4 1 1
github.com/mithro/go-netgear-switch-library/fastpath/writer.go:637.3,637.53 1 1
github.com/mithro/go-netgear-switch-library/fastpath/writer.go:637.53,639.4 1 0
github.com/mithro/go-netgear-switch-library/fastpath/writer.go:657.9,658.39 1 1
github.com/mithro/go-netgear-switch-library/fastpath/writer.go:658.39,660.3 1 1
github.com/mithro/go-netgear-switch-library/fastpath/writer.go:661.2,662.16 2 1
github.com/mithro/go-netgear-switch-library/fastpath/writer.go:662.16,664.3 1 0
github.com/mithro/go-netgear-switch-library/fastpath/writer.go:665.2,670.16 1 1
github.com/mithro/go-netgear-switch-library/fastpath/writer.go:670.16,672.3 1 0
github.com/mithro/go-netgear-switch-library/fastpath/writer.go:673.2,674.6 2 1
github.com/mithro/go-netgear-switch-library/fastpath/writer.go:674.6,676.17 2 1
github.com/mithro/go-netgear-switch-library/fastpath/writer.go:676.17,678.4 1 0
github.com/mithro/go-netgear-switch-library/fastpath/writer.go:679.3,679.23 1 1
github.com/mithro/go-netgear-switch-library/fastpath/writer.go:679.23,681.4 1 1
github.com/mithro/go-netgear-switch-library/fastpath/writer.go:682.3,682.34 1 1
github.com/mithro/go-netgear-switch-library/fastpath/writer.go:682.34,688.4 1 1
github.com/mithro/go-netgear-switch-library/fastpath/writer.go:689.3,689.53 1 0
github.com/mithro/go-netgear-switch-library/fastpath/writer.go:689.53,691.4 1 0
github.com/mithro/go-netgear-switch-library/fastpath/writer.go:708.103,709.45 1 1
github.com/mithro/go-netgear-switch-library/fastpath/writer.go:709.45,711.3 1 1
github.com/mithro/go-netgear-switch-library/fastpath/writer.go:712.2,713.38 1 1
github.com/mithro/go-netgear-switch-library/fastpath/writer.go:713.38,713.85 1 1
github.com/mithro/go-netgear-switch-library/fastpath/writer.go:714.38,716.4 1 1
github.com/mithro/go-netgear-switch-library/fastpath/writer.go:730.108,731.45 1 1
github.com/mithro/go-netgear-switch-library/fastpath/writer.go:731.45,733.3 1 0
github.com/mithro/go-netgear-switch-library/fastpath/writer.go:734.2,735.38 1 1
github.com/mithro/go-netgear-switch-library/fastpath/writer.go:735.38,737.4 1 1
github.com/mithro/go-netgear-switch-library/fastpath/writer.go:738.38,740.4 1 0
github.com/mithro/go-netgear-switch-library/fastpath/writer.go:757.96,758.14 1 1
github.com/mithro/go-netgear-switch-library/fastpath/writer.go:758.14,759.46 1 1
github.com/mithro/go-netgear-switch-library/fastpath/writer.go:759.46,761.4 1 1
github.com/mithro/go-netgear-switch-library/fastpath/writer.go:763.2,764.16 2 1
github.com/mithro/go-netgear-switch-library/fastpath/writer.go:764.16,766.3 1 0
github.com/mithro/go-netgear-switch-library/fastpath/writer.go:767.2,772.16 1 1
github.com/mithro/go-netgear-switch-library/fastpath/writer.go:772.16,774.3 1 0
github.com/mithro/go-netgear-switch-library/fastpath/writer.go:775.2,776.16 2 1
github.com/mithro/go-netgear-switch-library/fastpath/writer.go:776.16,778.3 1 0
github.com/mithro/go-netgear-switch-library/fastpath/writer.go:779.2,779.51 1 1
github.com/mithro/go-netgear-switch-library/fastpath/writer.go:779.51,785.3 1 1
github.com/mithro/go-netgear-switch-library/fastpath/writer.go:786.2,786.12 1 1
github.com/mithro/go-netgear-switch-library/fastpath/writer.go:813.101,814.12 1 1
github.com/mithro/go-netgear-switch-library/fastpath/writer.go:814.12,816.3 1 1
github.com/mithro/go-netgear-switch-library/fastpath/writer.go:817.2,819.16 3 1
github.com/mithro/go-netgear-switch-library/fastpath/writer.go:819.16,821.3 1 0
github.com/mithro/go-netgear-switch-library/fastpath/writer.go:822.2,822.31 1 1
github.com/mithro/go-netgear-switch-library/fastpath/writer.go:822.31,823.50 1 1
github.com/mithro/go-netgear-switch-library/fastpath/writer.go:823.50,825.4 1 0
github.com/mithro/go-netgear-switch-library/fastpath/writer.go:827.2,827.25 1 1
github.com/mithro/go-netgear-switch-library/fastpath/writer.go:827.25,828.107 1 1
github.com/mithro/go-netgear-switch-library/fastpath/writer.go:828.107,830.4 1 0
github.com/mithro/go-netgear-switch-library/fastpath/writer.go:832.2,833.16 2 1
github.com/mithro/go-netgear-switch-library/fastpath/writer.go:833.16,835.3 1 0
github.com/mithro/go-netgear-switch-library/fastpath/writer.go:836.2,845.27 2 1
github.com/mithro/go-netgear-switch-library/fastpath/writer.go:845.27,846.39 1 1
github.com/mithro/go-netgear-switch-library/fastpath/writer.go:846.39,852.4 1 1
github.com/mithro/go-netgear-switch-library/fastpath/writer.go:854.2,854.12 1 1
github.com/mithro/go-netgear-switch-library/fastpath/writer.go:860.37,861.14 1 1
github.com/mithro/go-netgear-switch-library/fastpath/writer.go:861.14,863.3 1 1
github.com/mithro/go-netgear-switch-library/fastpath/writer.go:864.2,864.26 1 1
github.com/mithro/go-netgear-switch-library/fastpath/writer.go:888.64,889.12 1 1
github.com/mithro/go-netgear-switch-library/fastpath/writer.go:889.12,891.3 1 1
github.com/mithro/go-netgear-switch-library/fastpath/writer.go:892.2,893.51 2 1
github.com/mithro/go-netgear-switch-library/fastpath/writer.go:893.51,895.3 1 1
github.com/mithro/go-netgear-switch-library/fastpath/writer.go:896.2,896.12 1 1
